  Player.cpp
C:\Users\Lucas\source\repos\NewGame\NewGame\Player.cpp(71,38): warning C4244: 'argument': conversion from 'T' to 'int', possible loss of data
C:\Users\Lucas\source\repos\NewGame\NewGame\Player.cpp(71,38): warning C4244:         with
C:\Users\Lucas\source\repos\NewGame\NewGame\Player.cpp(71,38): warning C4244:         [
C:\Users\Lucas\source\repos\NewGame\NewGame\Player.cpp(71,38): warning C4244:             T=float
C:\Users\Lucas\source\repos\NewGame\NewGame\Player.cpp(71,38): warning C4244:         ]
C:\Users\Lucas\source\repos\NewGame\NewGame\Player.cpp(70,70): warning C4244: 'argument': conversion from 'T' to 'int', possible loss of data
C:\Users\Lucas\source\repos\NewGame\NewGame\Player.cpp(70,70): warning C4244:         with
C:\Users\Lucas\source\repos\NewGame\NewGame\Player.cpp(70,70): warning C4244:         [
C:\Users\Lucas\source\repos\NewGame\NewGame\Player.cpp(70,70): warning C4244:             T=float
C:\Users\Lucas\source\repos\NewGame\NewGame\Player.cpp(70,70): warning C4244:         ]
C:\Users\Lucas\source\repos\NewGame\NewGame\Player.cpp(75,39): warning C4244: 'argument': conversion from 'T' to 'int', possible loss of data
C:\Users\Lucas\source\repos\NewGame\NewGame\Player.cpp(75,39): warning C4244:         with
C:\Users\Lucas\source\repos\NewGame\NewGame\Player.cpp(75,39): warning C4244:         [
C:\Users\Lucas\source\repos\NewGame\NewGame\Player.cpp(75,39): warning C4244:             T=float
C:\Users\Lucas\source\repos\NewGame\NewGame\Player.cpp(75,39): warning C4244:         ]
C:\Users\Lucas\source\repos\NewGame\NewGame\Player.cpp(74,67): warning C4244: 'argument': conversion from 'const T' to 'int', possible loss of data
C:\Users\Lucas\source\repos\NewGame\NewGame\Player.cpp(74,67): warning C4244:         with
C:\Users\Lucas\source\repos\NewGame\NewGame\Player.cpp(74,67): warning C4244:         [
C:\Users\Lucas\source\repos\NewGame\NewGame\Player.cpp(74,67): warning C4244:             T=float
C:\Users\Lucas\source\repos\NewGame\NewGame\Player.cpp(74,67): warning C4244:         ]
  NewGame.vcxproj -> C:\Users\Lucas\source\repos\NewGame\x64\Debug\NewGame.exe
